1.Download git tool from the official website
2.Install without making any changes while instalation
3.Open the directory from where you want push the files to repository
4.Right click and choose git bash(comand window will open)
5.We can test the working of git by using following comand --> git --version  (it will tell which version you are currently using)
6.We can check the status by following comads 
	Sanjay Shaiva@DESKTOP-U85SJ50 MINGW64 ~/Downloads/git tuts
	$ git status
	fatal: not a git repository (or any of the parent directories): .git
if there is no repository fatal will come like above.

create the repo by using this comand :  git init

7.If we want to add any files to repo first we need to stage them. We can do that by following comands
	Sanjay Shaiva@DESKTOP-U85SJ50 MINGW64 ~/Downloads/git tuts (master)
	$ git add .

8.Then we need to check the status. The results will come as below.

Sanjay Shaiva@DESKTOP-U85SJ50 MINGW64 ~/Downloads/git tuts (master)
$ git status
On branch master

No commits yet

Changes to be committed:
  (use "git rm --cached <file>..." to unstage)

        new file:   index.text.txt
        new file:   utils.text.txt

9.In order to push the files we need to use following comand -->git commit -m "version 1" in this comand
  line the repository saves in the name which is mentioned between double qoate

Sanjay Shaiva@DESKTOP-U85SJ50 MINGW64 ~/Downloads/git tuts (master)
$ git commit -m "version 1"
[master (root-commit) c6b9349] version 1
 2 files changed, 2 insertions(+)
 create mode 100644 index.text.txt
 create mode 100644 utils.text.txt

10.We can check where the repository has saved by using following comand.we can see results after the comand
line bellow.
  
Sanjay Shaiva@DESKTOP-U85SJ50 MINGW64 ~/Downloads/git tuts (master)
$ git log
commit c6b9349f43f5ccc0aeb71c1ed984474ac4c9b27a (HEAD -> master)
Author: sanjaygd <sanjaygd96@gmail.com>
Date:   Thu Jun 13 15:21:32 2019 +0530

    version 1
11.We want do any further updates we need to follow the steps from 7 only thing we need to change is 
version. eg. $ git commit -m "version 2"

12.We can change the account by using following comands

$ $ git config --global user.name "sanjaygd"
$ git config --global user.email "sanjaygd96@gmail.com"
password : sanjaygowdaR1!


 
